../Core/Src/main.cpp:94:5:int main()	184	static
../Core/Src/main.cpp:218:6:void SystemClock_Config()	96	static
../Core/Src/main.cpp:268:13:void MX_TIM2_Init()	56	static
../Core/Src/main.cpp:317:13:void MX_TIM4_Init()	48	static
../Core/Src/main.cpp:366:13:void MX_TIM5_Init()	40	static
../Core/Src/main.cpp:411:13:void MX_USART2_UART_Init()	8	static
../Core/Src/main.cpp:446:13:void MX_GPIO_Init()	48	static
../Core/Src/main.cpp:486:6:void HAL_UART_TxCpltCallback(UART_HandleTypeDef*)	16	static
../Core/Src/main.cpp:492:6:void HAL_TIM_PeriodElapsedCallback(TIM_HandleTypeDef*)	16	static
../Core/Src/main.cpp:507:6:void Error_Handler()	4	static,ignoring_inline_asm
../Core/Inc/controller.h:87:5:control_obj<PlantClass, SensorClass>::control_obj(TIM_HandleTypeDef*, PlantClass*, void (PlantClass::*)(int), SensorClass*, float (SensorClass::*)()) [with PlantClass = motor_obj; SensorClass = enc_obj]	24	static
../Core/Inc/controller.h:118:6:void control_obj<PlantClass, SensorClass>::setGains(float, float, float, float) [with PlantClass = motor_obj; SensorClass = enc_obj]	32	static
../Core/Inc/controller.h:132:6:void control_obj<PlantClass, SensorClass>::setPoint(float) [with PlantClass = motor_obj; SensorClass = enc_obj]	16	static
../Core/Inc/controller.h:179:6:void control_obj<PlantClass, SensorClass>::runControl() [with PlantClass = motor_obj; SensorClass = enc_obj]	16	static
../Core/Inc/controller.h:105:11:float control_obj<PlantClass, SensorClass>::retSensor() [with PlantClass = motor_obj; SensorClass = enc_obj]	16	static
../Core/Inc/controller.h:153:6:void control_obj<PlantClass, SensorClass>::readSensor() [with PlantClass = motor_obj; SensorClass = enc_obj]	16	static
../Core/Inc/controller.h:163:6:void control_obj<PlantClass, SensorClass>::getDt() [with PlantClass = motor_obj; SensorClass = enc_obj]	16	static
../Core/Inc/controller.h:143:6:void control_obj<PlantClass, SensorClass>::runPlant(int) [with PlantClass = motor_obj; SensorClass = enc_obj]	16	static
