../Core/Inc/encoder.h:42:11:float enc_obj::getAngle()	16	static
../Core/Src/main.cpp:94:5:int main()	144	static
../Core/Src/main.cpp:214:6:void SystemClock_Config()	96	static
../Core/Src/main.cpp:264:13:void MX_TIM2_Init()	56	static
../Core/Src/main.cpp:313:13:void MX_TIM4_Init()	48	static
../Core/Src/main.cpp:362:13:void MX_TIM5_Init()	40	static
../Core/Src/main.cpp:407:13:void MX_USART2_UART_Init()	8	static
../Core/Src/main.cpp:442:13:void MX_GPIO_Init()	48	static
../Core/Src/main.cpp:482:6:void HAL_UART_TxCpltCallback(UART_HandleTypeDef*)	16	static
../Core/Src/main.cpp:488:6:void HAL_TIM_PeriodElapsedCallback(TIM_HandleTypeDef*)	16	static
../Core/Src/main.cpp:503:6:void Error_Handler()	4	static,ignoring_inline_asm
../Core/Inc/controller.h:54:5:control_obj<PlantClass, SensorClass>::control_obj(TIM_HandleTypeDef*, PlantClass*, void (PlantClass::*)(int), SensorClass*, float (SensorClass::*)()) [with PlantClass = motor_obj; SensorClass = enc_obj]	24	static
../Core/Inc/controller.h:71:6:void control_obj<PlantClass, SensorClass>::runPlant(int) [with PlantClass = motor_obj; SensorClass = enc_obj]	16	static
../Core/Inc/controller.h:81:6:void control_obj<PlantClass, SensorClass>::readSensor() [with PlantClass = motor_obj; SensorClass = enc_obj]	16	static
../Core/Inc/controller.h:62:11:float control_obj<PlantClass, SensorClass>::retSensor() [with PlantClass = motor_obj; SensorClass = enc_obj]	16	static
